make: *** Không có quy tắc để tạo đích “Image.gz”.  Dừng.
